Client:
 Version:      17.06.0-ce
 API version:  1.30
 Go version:   go1.8.3
 Git commit:   02c1d87
 Built:        Fri Jun 23 21:30:30 2017
 OS/Arch:      windows/amd64

Server:
 Version:      17.06.0-dev
 API version:  1.34 (minimum version 1.24)
 Go version:   go1.9.1
 Git commit:   b8571fd81
 Built:        10/06/2017 13:33:48
 OS/Arch:      windows/amd64
 Experimental: true




================================================================
Starting tests
================================================================
----------------------------------------------------------------
 Test results for the tests
----------------------------------------------------------------

PullImageTest CreateVolumeTest BuildContainerTest CreateNetworkTest ConnectNetworkTest HTTPGetTest CreateContainerTest StartContainerTest ExecProcessInContainerTest RestartContainerTest
------------- ---------------- ------------------ ----------------- ------------------ ----------- ------------------- ------------------ -------------------------- --------------------
PASSED        PASSED           PASSED             PASSED            PASSED             PASSED      PASSED              PASSED             PASSED                     PASSED              


----------------------------------------------------------------
 Timer results for the tests in ms
----------------------------------------------------------------

PullImageTime CreateVolumeTime BuildContainerTime CreateNetworkTime ConnectNetworkTime HTTPGetTime CreateContainerTime StartContainerTime ExecProcessInContainerTime RestartContainerTime
------------- ---------------- ------------------ ----------------- ------------------ ----------- ------------------- ------------------ -------------------------- --------------------
        25841               92              11198              1126                 73         266                 153               3264                        201                 4193


================================================================
Tests PASSED
================================================================




